Analysis & Synthesis report for exp3_t3b01
Sun Sep 15 08:00:09 2024
Quartus Prime Version 20.1.1 Build 720 11/11/2020 SJ Lite Edition


---------------------
; Table of Contents ;
---------------------
  1. Legal Notice
  2. Analysis & Synthesis Summary
  3. Analysis & Synthesis Settings
  4. Parallel Compilation
  5. Analysis & Synthesis Source Files Read
  6. Analysis & Synthesis Resource Usage Summary
  7. Analysis & Synthesis Resource Utilization by Entity
  8. State Machine - |exp3_sensor|interface_hcsr04:INT|interface_hcsr04_fd:U2|contador_cm:U2|contador_cm_uc:UC|Eatual
  9. State Machine - |exp3_sensor|interface_hcsr04:INT|interface_hcsr04_fd:U2|gerador_pulso:U1|reg_estado
 10. State Machine - |exp3_sensor|interface_hcsr04:INT|interface_hcsr04_uc:U1|Eatual
 11. Registers Removed During Synthesis
 12. General Register Statistics
 13. Multiplexer Restructuring Statistics (Restructuring Performed)
 14. Parameter Settings for User Entity Instance: interface_hcsr04:INT|interface_hcsr04_uc:U1
 15. Parameter Settings for User Entity Instance: interface_hcsr04:INT|interface_hcsr04_fd:U2|gerador_pulso:U1
 16. Parameter Settings for User Entity Instance: interface_hcsr04:INT|interface_hcsr04_fd:U2|contador_cm:U2
 17. Parameter Settings for User Entity Instance: interface_hcsr04:INT|interface_hcsr04_fd:U2|contador_cm:U2|contador_cm_fd:FD
 18. Parameter Settings for User Entity Instance: interface_hcsr04:INT|interface_hcsr04_fd:U2|contador_cm:U2|contador_cm_fd:FD|contador_m:U1
 19. Parameter Settings for User Entity Instance: interface_hcsr04:INT|interface_hcsr04_fd:U2|contador_cm:U2|contador_cm_uc:UC
 20. Parameter Settings for User Entity Instance: interface_hcsr04:INT|interface_hcsr04_fd:U2|registrador_n:U3
 21. Port Connectivity Checks: "interface_hcsr04:INT|interface_hcsr04_fd:U2|contador_cm:U2|contador_cm_fd:FD|contador_m:U1"
 22. Port Connectivity Checks: "interface_hcsr04:INT|interface_hcsr04_fd:U2|gerador_pulso:U1"
 23. Port Connectivity Checks: "interface_hcsr04:INT|interface_hcsr04_fd:U2"
 24. Post-Synthesis Netlist Statistics for Top Partition
 25. Elapsed Time Per Partition
 26. Analysis & Synthesis Messages



----------------
; Legal Notice ;
----------------
Copyright (C) 2020  Intel Corporation. All rights reserved.
Your use of Intel Corporation's design tools, logic functions 
and other software and tools, and any partner logic 
functions, and any output files from any of the foregoing 
(including device programming or simulation files), and any 
associated documentation or information are expressly subject 
to the terms and conditions of the Intel Program License 
Subscription Agreement, the Intel Quartus Prime License Agreement,
the Intel FPGA IP License Agreement, or other applicable license
agreement, including, without limitation, that your use is for
the sole purpose of programming logic devices manufactured by
Intel and sold by Intel or its authorized distributors.  Please
refer to the applicable agreement for further details, at
https://fpgasoftware.intel.com/eula.



+-------------------------------------------------------------------------------+
; Analysis & Synthesis Summary                                                  ;
+---------------------------------+---------------------------------------------+
; Analysis & Synthesis Status     ; Successful - Sun Sep 15 08:00:09 2024       ;
; Quartus Prime Version           ; 20.1.1 Build 720 11/11/2020 SJ Lite Edition ;
; Revision Name                   ; exp3_t3b01                                  ;
; Top-level Entity Name           ; exp3_sensor                                 ;
; Family                          ; Cyclone V                                   ;
; Logic utilization (in ALMs)     ; N/A                                         ;
; Total registers                 ; 86                                          ;
; Total pins                      ; 37                                          ;
; Total virtual pins              ; 0                                           ;
; Total block memory bits         ; 0                                           ;
; Total DSP Blocks                ; 0                                           ;
; Total HSSI RX PCSs              ; 0                                           ;
; Total HSSI PMA RX Deserializers ; 0                                           ;
; Total HSSI TX PCSs              ; 0                                           ;
; Total HSSI PMA TX Serializers   ; 0                                           ;
; Total PLLs                      ; 0                                           ;
; Total DLLs                      ; 0                                           ;
+---------------------------------+---------------------------------------------+


+---------------------------------------------------------------------------------------------------------------------------+
; Analysis & Synthesis Settings                                                                                             ;
+---------------------------------------------------------------------------------+--------------------+--------------------+
; Option                                                                          ; Setting            ; Default Value      ;
+---------------------------------------------------------------------------------+--------------------+--------------------+
; Device                                                                          ; 5CEBA4F23C7        ;                    ;
; Top-level entity name                                                           ; exp3_sensor        ; exp3_t3b01         ;
; Family name                                                                     ; Cyclone V          ; Cyclone V          ;
; Use smart compilation                                                           ; Off                ; Off                ;
; Enable parallel Assembler and Timing Analyzer during compilation                ; On                 ; On                 ;
; Enable compact report table                                                     ; Off                ; Off                ;
; Restructure Multiplexers                                                        ; Auto               ; Auto               ;
; MLAB Add Timing Constraints For Mixed-Port Feed-Through Mode Setting Don't Care ; Off                ; Off                ;
; Create Debugging Nodes for IP Cores                                             ; Off                ; Off                ;
; Preserve fewer node names                                                       ; On                 ; On                 ;
; Intel FPGA IP Evaluation Mode                                                   ; Enable             ; Enable             ;
; Verilog Version                                                                 ; Verilog_2001       ; Verilog_2001       ;
; VHDL Version                                                                    ; VHDL_1993          ; VHDL_1993          ;
; State Machine Processing                                                        ; Auto               ; Auto               ;
; Safe State Machine                                                              ; Off                ; Off                ;
; Extract Verilog State Machines                                                  ; On                 ; On                 ;
; Extract VHDL State Machines                                                     ; On                 ; On                 ;
; Ignore Verilog initial constructs                                               ; Off                ; Off                ;
; Iteration limit for constant Verilog loops                                      ; 5000               ; 5000               ;
; Iteration limit for non-constant Verilog loops                                  ; 250                ; 250                ;
; Add Pass-Through Logic to Inferred RAMs                                         ; On                 ; On                 ;
; Infer RAMs from Raw Logic                                                       ; On                 ; On                 ;
; Parallel Synthesis                                                              ; On                 ; On                 ;
; DSP Block Balancing                                                             ; Auto               ; Auto               ;
; NOT Gate Push-Back                                                              ; On                 ; On                 ;
; Power-Up Don't Care                                                             ; On                 ; On                 ;
; Remove Redundant Logic Cells                                                    ; Off                ; Off                ;
; Remove Duplicate Registers                                                      ; On                 ; On                 ;
; Ignore CARRY Buffers                                                            ; Off                ; Off                ;
; Ignore CASCADE Buffers                                                          ; Off                ; Off                ;
; Ignore GLOBAL Buffers                                                           ; Off                ; Off                ;
; Ignore ROW GLOBAL Buffers                                                       ; Off                ; Off                ;
; Ignore LCELL Buffers                                                            ; Off                ; Off                ;
; Ignore SOFT Buffers                                                             ; On                 ; On                 ;
; Limit AHDL Integers to 32 Bits                                                  ; Off                ; Off                ;
; Optimization Technique                                                          ; Balanced           ; Balanced           ;
; Carry Chain Length                                                              ; 70                 ; 70                 ;
; Auto Carry Chains                                                               ; On                 ; On                 ;
; Auto Open-Drain Pins                                                            ; On                 ; On                 ;
; Perform WYSIWYG Primitive Resynthesis                                           ; Off                ; Off                ;
; Auto ROM Replacement                                                            ; On                 ; On                 ;
; Auto RAM Replacement                                                            ; On                 ; On                 ;
; Auto DSP Block Replacement                                                      ; On                 ; On                 ;
; Auto Shift Register Replacement                                                 ; Auto               ; Auto               ;
; Allow Shift Register Merging across Hierarchies                                 ; Auto               ; Auto               ;
; Auto Clock Enable Replacement                                                   ; On                 ; On                 ;
; Strict RAM Replacement                                                          ; Off                ; Off                ;
; Allow Synchronous Control Signals                                               ; On                 ; On                 ;
; Force Use of Synchronous Clear Signals                                          ; Off                ; Off                ;
; Auto Resource Sharing                                                           ; Off                ; Off                ;
; Allow Any RAM Size For Recognition                                              ; Off                ; Off                ;
; Allow Any ROM Size For Recognition                                              ; Off                ; Off                ;
; Allow Any Shift Register Size For Recognition                                   ; Off                ; Off                ;
; Use LogicLock Constraints during Resource Balancing                             ; On                 ; On                 ;
; Ignore translate_off and synthesis_off directives                               ; Off                ; Off                ;
; Timing-Driven Synthesis                                                         ; On                 ; On                 ;
; Report Parameter Settings                                                       ; On                 ; On                 ;
; Report Source Assignments                                                       ; On                 ; On                 ;
; Report Connectivity Checks                                                      ; On                 ; On                 ;
; Ignore Maximum Fan-Out Assignments                                              ; Off                ; Off                ;
; Synchronization Register Chain Length                                           ; 3                  ; 3                  ;
; Power Optimization During Synthesis                                             ; Normal compilation ; Normal compilation ;
; HDL message level                                                               ; Level2             ; Level2             ;
; Suppress Register Optimization Related Messages                                 ; Off                ; Off                ;
; Number of Removed Registers Reported in Synthesis Report                        ; 5000               ; 5000               ;
; Number of Swept Nodes Reported in Synthesis Report                              ; 5000               ; 5000               ;
; Number of Inverted Registers Reported in Synthesis Report                       ; 100                ; 100                ;
; Clock MUX Protection                                                            ; On                 ; On                 ;
; Auto Gated Clock Conversion                                                     ; Off                ; Off                ;
; Block Design Naming                                                             ; Auto               ; Auto               ;
; SDC constraint protection                                                       ; Off                ; Off                ;
; Synthesis Effort                                                                ; Auto               ; Auto               ;
; Shift Register Replacement - Allow Asynchronous Clear Signal                    ; On                 ; On                 ;
; Pre-Mapping Resynthesis Optimization                                            ; Off                ; Off                ;
; Analysis & Synthesis Message Level                                              ; Medium             ; Medium             ;
; Disable Register Merging Across Hierarchies                                     ; Auto               ; Auto               ;
; Resource Aware Inference For Block RAM                                          ; On                 ; On                 ;
; Automatic Parallel Synthesis                                                    ; On                 ; On                 ;
; Partial Reconfiguration Bitstream ID                                            ; Off                ; Off                ;
+---------------------------------------------------------------------------------+--------------------+--------------------+


+------------------------------------------+
; Parallel Compilation                     ;
+----------------------------+-------------+
; Processors                 ; Number      ;
+----------------------------+-------------+
; Number detected on machine ; 4           ;
; Maximum allowed            ; 4           ;
;                            ;             ;
; Average used               ; 1.00        ;
; Maximum used               ; 4           ;
;                            ;             ;
; Usage by Processor         ; % Time Used ;
;     Processor 1            ; 100.0%      ;
;     Processors 2-4         ;   0.0%      ;
+----------------------------+-------------+


+------------------------------------------------------------------------------------------------------------------------------------------------------------------------------------------+
; Analysis & Synthesis Source Files Read                                                                                                                                                   ;
+----------------------------------+-----------------+------------------------+--------------------------------------------------------------------------------------------------+---------+
; File Name with User-Entered Path ; Used in Netlist ; File Type              ; File Name with Absolute Path                                                                     ; Library ;
+----------------------------------+-----------------+------------------------+--------------------------------------------------------------------------------------------------+---------+
; interface_hcsr04_uc.v            ; yes             ; User Verilog HDL File  ; /home/victor/Documentos/USP/LABDIG2/LabDig2/Semana 3/exp3_t3b01_restored/interface_hcsr04_uc.v   ;         ;
; interface_hcsr04_fd.v            ; yes             ; User Verilog HDL File  ; /home/victor/Documentos/USP/LABDIG2/LabDig2/Semana 3/exp3_t3b01_restored/interface_hcsr04_fd.v   ;         ;
; contador_cm_uc.v                 ; yes             ; User Verilog HDL File  ; /home/victor/Documentos/USP/LABDIG2/LabDig2/Semana 3/exp3_t3b01_restored/contador_cm_uc.v        ;         ;
; registrador_n.v                  ; yes             ; User Verilog HDL File  ; /home/victor/Documentos/USP/LABDIG2/LabDig2/Semana 3/exp3_t3b01_restored/registrador_n.v         ;         ;
; interface_hcsr04.v               ; yes             ; User Verilog HDL File  ; /home/victor/Documentos/USP/LABDIG2/LabDig2/Semana 3/exp3_t3b01_restored/interface_hcsr04.v      ;         ;
; hexa7seg.v                       ; yes             ; User Verilog HDL File  ; /home/victor/Documentos/USP/LABDIG2/LabDig2/Semana 3/exp3_t3b01_restored/hexa7seg.v              ;         ;
; gerador_pulso.v                  ; yes             ; User Verilog HDL File  ; /home/victor/Documentos/USP/LABDIG2/LabDig2/Semana 3/exp3_t3b01_restored/gerador_pulso.v         ;         ;
; exp3_sensor.v                    ; yes             ; User Verilog HDL File  ; /home/victor/Documentos/USP/LABDIG2/LabDig2/Semana 3/exp3_t3b01_restored/exp3_sensor.v           ;         ;
; edge_detector.v                  ; yes             ; User Verilog HDL File  ; /home/victor/Documentos/USP/LABDIG2/LabDig2/Semana 3/exp3_t3b01_restored/edge_detector.v         ;         ;
; contador_m.v                     ; yes             ; User Verilog HDL File  ; /home/victor/Documentos/USP/LABDIG2/LabDig2/Semana 3/exp3_t3b01_restored/contador_m.v            ;         ;
; contador_cm_fd.v                 ; yes             ; User Verilog HDL File  ; /home/victor/Documentos/USP/LABDIG2/LabDig2/Semana 3/exp3_t3b01_restored/contador_cm_fd.v        ;         ;
; contador_cm.v                    ; yes             ; User Verilog HDL File  ; /home/victor/Documentos/USP/LABDIG2/LabDig2/Semana 3/exp3_t3b01_restored/contador_cm.v           ;         ;
; contador_bcd_3digitos.v          ; yes             ; User Verilog HDL File  ; /home/victor/Documentos/USP/LABDIG2/LabDig2/Semana 3/exp3_t3b01_restored/contador_bcd_3digitos.v ;         ;
+----------------------------------+-----------------+------------------------+--------------------------------------------------------------------------------------------------+---------+


+-----------------------------------------------------------+
; Analysis & Synthesis Resource Usage Summary               ;
+---------------------------------------------+-------------+
; Resource                                    ; Usage       ;
+---------------------------------------------+-------------+
; Estimate of Logic utilization (ALMs needed) ; 81          ;
;                                             ;             ;
; Combinational ALUT usage for logic          ; 150         ;
;     -- 7 input functions                    ; 0           ;
;     -- 6 input functions                    ; 10          ;
;     -- 5 input functions                    ; 10          ;
;     -- 4 input functions                    ; 68          ;
;     -- <=3 input functions                  ; 62          ;
;                                             ;             ;
; Dedicated logic registers                   ; 86          ;
;                                             ;             ;
; I/O pins                                    ; 37          ;
;                                             ;             ;
; Total DSP Blocks                            ; 0           ;
;                                             ;             ;
; Maximum fan-out node                        ; clock~input ;
; Maximum fan-out                             ; 86          ;
; Total fan-out                               ; 861         ;
; Average fan-out                             ; 2.78        ;
+---------------------------------------------+-------------+


+----------------------------------------------------------------------------------------------------------------------------------------------------------------------------------------------------------------------------------------------------------------------------------------------------------------+
; Analysis & Synthesis Resource Utilization by Entity                                                                                                                                                                                                                                                            ;
+-------------------------------------------+---------------------+---------------------------+-------------------+------------+------+--------------+--------------------------------------------------------------------------------------------------------------------+-----------------------+--------------+
; Compilation Hierarchy Node                ; Combinational ALUTs ; Dedicated Logic Registers ; Block Memory Bits ; DSP Blocks ; Pins ; Virtual Pins ; Full Hierarchy Name                                                                                                ; Entity Name           ; Library Name ;
+-------------------------------------------+---------------------+---------------------------+-------------------+------------+------+--------------+--------------------------------------------------------------------------------------------------------------------+-----------------------+--------------+
; |exp3_sensor                              ; 150 (0)             ; 86 (0)                    ; 0                 ; 0          ; 37   ; 0            ; |exp3_sensor                                                                                                       ; exp3_sensor           ; work         ;
;    |edge_detector:DB|                     ; 0 (0)               ; 2 (2)                     ; 0                 ; 0          ; 0    ; 0            ; |exp3_sensor|edge_detector:DB                                                                                      ; edge_detector         ; work         ;
;    |hexa7seg:H0|                          ; 7 (7)               ; 0 (0)                     ; 0                 ; 0          ; 0    ; 0            ; |exp3_sensor|hexa7seg:H0                                                                                           ; hexa7seg              ; work         ;
;    |hexa7seg:H1|                          ; 7 (7)               ; 0 (0)                     ; 0                 ; 0          ; 0    ; 0            ; |exp3_sensor|hexa7seg:H1                                                                                           ; hexa7seg              ; work         ;
;    |hexa7seg:H2|                          ; 7 (7)               ; 0 (0)                     ; 0                 ; 0          ; 0    ; 0            ; |exp3_sensor|hexa7seg:H2                                                                                           ; hexa7seg              ; work         ;
;    |hexa7seg:H5|                          ; 7 (7)               ; 0 (0)                     ; 0                 ; 0          ; 0    ; 0            ; |exp3_sensor|hexa7seg:H5                                                                                           ; hexa7seg              ; work         ;
;    |interface_hcsr04:INT|                 ; 122 (0)             ; 84 (0)                    ; 0                 ; 0          ; 0    ; 0            ; |exp3_sensor|interface_hcsr04:INT                                                                                  ; interface_hcsr04      ; work         ;
;       |interface_hcsr04_fd:U2|            ; 114 (0)             ; 77 (0)                    ; 0                 ; 0          ; 0    ; 0            ; |exp3_sensor|interface_hcsr04:INT|interface_hcsr04_fd:U2                                                           ; interface_hcsr04_fd   ; work         ;
;          |contador_cm:U2|                 ; 40 (0)              ; 30 (0)                    ; 0                 ; 0          ; 0    ; 0            ; |exp3_sensor|interface_hcsr04:INT|interface_hcsr04_fd:U2|contador_cm:U2                                            ; contador_cm           ; work         ;
;             |contador_cm_fd:FD|           ; 34 (0)              ; 24 (0)                    ; 0                 ; 0          ; 0    ; 0            ; |exp3_sensor|interface_hcsr04:INT|interface_hcsr04_fd:U2|contador_cm:U2|contador_cm_fd:FD                          ; contador_cm_fd        ; work         ;
;                |contador_bcd_3digitos:U2| ; 17 (17)             ; 12 (12)                   ; 0                 ; 0          ; 0    ; 0            ; |exp3_sensor|interface_hcsr04:INT|interface_hcsr04_fd:U2|contador_cm:U2|contador_cm_fd:FD|contador_bcd_3digitos:U2 ; contador_bcd_3digitos ; work         ;
;                |contador_m:U1|            ; 17 (17)             ; 12 (12)                   ; 0                 ; 0          ; 0    ; 0            ; |exp3_sensor|interface_hcsr04:INT|interface_hcsr04_fd:U2|contador_cm:U2|contador_cm_fd:FD|contador_m:U1            ; contador_m            ; work         ;
;             |contador_cm_uc:UC|           ; 6 (6)               ; 6 (6)                     ; 0                 ; 0          ; 0    ; 0            ; |exp3_sensor|interface_hcsr04:INT|interface_hcsr04_fd:U2|contador_cm:U2|contador_cm_uc:UC                          ; contador_cm_uc        ; work         ;
;          |gerador_pulso:U1|               ; 74 (74)             ; 35 (35)                   ; 0                 ; 0          ; 0    ; 0            ; |exp3_sensor|interface_hcsr04:INT|interface_hcsr04_fd:U2|gerador_pulso:U1                                          ; gerador_pulso         ; work         ;
;          |registrador_n:U3|               ; 0 (0)               ; 12 (12)                   ; 0                 ; 0          ; 0    ; 0            ; |exp3_sensor|interface_hcsr04:INT|interface_hcsr04_fd:U2|registrador_n:U3                                          ; registrador_n         ; work         ;
;       |interface_hcsr04_uc:U1|            ; 8 (8)               ; 7 (7)                     ; 0                 ; 0          ; 0    ; 0            ; |exp3_sensor|interface_hcsr04:INT|interface_hcsr04_uc:U1                                                           ; interface_hcsr04_uc   ; work         ;
+-------------------------------------------+---------------------+---------------------------+-------------------+------------+------+--------------+--------------------------------------------------------------------------------------------------------------------+-----------------------+--------------+
Note: For table entries with two numbers listed, the numbers in parentheses indicate the number of resources of the given type used by the specific entity alone. The numbers listed outside of parentheses indicate the total resources of the given type used by the specific entity and all of its sub-entities in the hierarchy.


Encoding Type:  One-Hot
+----------------------------------------------------------------------------------------------------------------------------------+
; State Machine - |exp3_sensor|interface_hcsr04:INT|interface_hcsr04_fd:U2|contador_cm:U2|contador_cm_uc:UC|Eatual                 ;
+--------------------+------------+-----------------+--------------------+--------------------+-------------------+----------------+
; Name               ; Eatual.fim ; Eatual.conta_cm ; Eatual.espera_tick ; Eatual.espera_echo ; Eatual.preparacao ; Eatual.inicial ;
+--------------------+------------+-----------------+--------------------+--------------------+-------------------+----------------+
; Eatual.inicial     ; 0          ; 0               ; 0                  ; 0                  ; 0                 ; 0              ;
; Eatual.preparacao  ; 0          ; 0               ; 0                  ; 0                  ; 1                 ; 1              ;
; Eatual.espera_echo ; 0          ; 0               ; 0                  ; 1                  ; 0                 ; 1              ;
; Eatual.espera_tick ; 0          ; 0               ; 1                  ; 0                  ; 0                 ; 1              ;
; Eatual.conta_cm    ; 0          ; 1               ; 0                  ; 0                  ; 0                 ; 1              ;
; Eatual.fim         ; 1          ; 0               ; 0                  ; 0                  ; 0                 ; 1              ;
+--------------------+------------+-----------------+--------------------+--------------------+-------------------+----------------+


Encoding Type:  One-Hot
+------------------------------------------------------------------------------------------------------+
; State Machine - |exp3_sensor|interface_hcsr04:INT|interface_hcsr04_fd:U2|gerador_pulso:U1|reg_estado ;
+------------------------+-------------------+------------------------+--------------------------------+
; Name                   ; reg_estado.parado ; reg_estado.final_pulso ; reg_estado.contagem            ;
+------------------------+-------------------+------------------------+--------------------------------+
; reg_estado.parado      ; 0                 ; 0                      ; 0                              ;
; reg_estado.contagem    ; 1                 ; 0                      ; 1                              ;
; reg_estado.final_pulso ; 1                 ; 1                      ; 0                              ;
+------------------------+-------------------+------------------------+--------------------------------+


Encoding Type:  One-Hot
+--------------------------------------------------------------------------------------------------------------------------------------------------------------------+
; State Machine - |exp3_sensor|interface_hcsr04:INT|interface_hcsr04_uc:U1|Eatual                                                                                    ;
+----------------------+---------------------+----------------------+---------------+--------------------+----------------------+-------------------+----------------+
; Name                 ; Eatual.final_medida ; Eatual.armazenamento ; Eatual.medida ; Eatual.espera_echo ; Eatual.envia_trigger ; Eatual.preparacao ; Eatual.inicial ;
+----------------------+---------------------+----------------------+---------------+--------------------+----------------------+-------------------+----------------+
; Eatual.inicial       ; 0                   ; 0                    ; 0             ; 0                  ; 0                    ; 0                 ; 0              ;
; Eatual.preparacao    ; 0                   ; 0                    ; 0             ; 0                  ; 0                    ; 1                 ; 1              ;
; Eatual.envia_trigger ; 0                   ; 0                    ; 0             ; 0                  ; 1                    ; 0                 ; 1              ;
; Eatual.espera_echo   ; 0                   ; 0                    ; 0             ; 1                  ; 0                    ; 0                 ; 1              ;
; Eatual.medida        ; 0                   ; 0                    ; 1             ; 0                  ; 0                    ; 0                 ; 1              ;
; Eatual.armazenamento ; 0                   ; 1                    ; 0             ; 0                  ; 0                    ; 0                 ; 1              ;
; Eatual.final_medida  ; 1                   ; 0                    ; 0             ; 0                  ; 0                    ; 0                 ; 1              ;
+----------------------+---------------------+----------------------+---------------+--------------------+----------------------+-------------------+----------------+


+------------------------------------------------------------------------------------------------------------+
; Registers Removed During Synthesis                                                                         ;
+---------------------------------------------------------------------------------------+--------------------+
; Register name                                                                         ; Reason for Removal ;
+---------------------------------------------------------------------------------------+--------------------+
; interface_hcsr04:INT|interface_hcsr04_fd:U2|contador_cm:U2|contador_cm_uc:UC|Eatual~4 ; Lost fanout        ;
; interface_hcsr04:INT|interface_hcsr04_fd:U2|contador_cm:U2|contador_cm_uc:UC|Eatual~5 ; Lost fanout        ;
; interface_hcsr04:INT|interface_hcsr04_fd:U2|contador_cm:U2|contador_cm_uc:UC|Eatual~6 ; Lost fanout        ;
; interface_hcsr04:INT|interface_hcsr04_uc:U1|Eatual~4                                  ; Lost fanout        ;
; interface_hcsr04:INT|interface_hcsr04_uc:U1|Eatual~5                                  ; Lost fanout        ;
; interface_hcsr04:INT|interface_hcsr04_uc:U1|Eatual~6                                  ; Lost fanout        ;
; Total Number of Removed Registers = 6                                                 ;                    ;
+---------------------------------------------------------------------------------------+--------------------+


+------------------------------------------------------+
; General Register Statistics                          ;
+----------------------------------------------+-------+
; Statistic                                    ; Value ;
+----------------------------------------------+-------+
; Total registers                              ; 86    ;
; Number of registers using Synchronous Clear  ; 12    ;
; Number of registers using Synchronous Load   ; 0     ;
; Number of registers using Asynchronous Clear ; 62    ;
; Number of registers using Asynchronous Load  ; 0     ;
; Number of registers using Clock Enable       ; 36    ;
; Number of registers using Preset             ; 0     ;
+----------------------------------------------+-------+


+--------------------------------------------------------------------------------------------------------------------------------------------------------------------------------------------------------------------------------------------+
; Multiplexer Restructuring Statistics (Restructuring Performed)                                                                                                                                                                             ;
+--------------------+-----------+---------------+----------------------+------------------------+------------+------------------------------------------------------------------------------------------------------------------------------+
; Multiplexer Inputs ; Bus Width ; Baseline Area ; Area if Restructured ; Saving if Restructured ; Registered ; Example Multiplexer Output                                                                                                   ;
+--------------------+-----------+---------------+----------------------+------------------------+------------+------------------------------------------------------------------------------------------------------------------------------+
; 4:1                ; 12 bits   ; 24 LEs        ; 0 LEs                ; 24 LEs                 ; Yes        ; |exp3_sensor|interface_hcsr04:INT|interface_hcsr04_fd:U2|contador_cm:U2|contador_cm_fd:FD|contador_m:U1|Q[0]                 ;
; 4:1                ; 4 bits    ; 8 LEs         ; 8 LEs                ; 0 LEs                  ; Yes        ; |exp3_sensor|interface_hcsr04:INT|interface_hcsr04_fd:U2|contador_cm:U2|contador_cm_fd:FD|contador_bcd_3digitos:U2|s_dig0[0] ;
; 4:1                ; 4 bits    ; 8 LEs         ; 8 LEs                ; 0 LEs                  ; Yes        ; |exp3_sensor|interface_hcsr04:INT|interface_hcsr04_fd:U2|contador_cm:U2|contador_cm_fd:FD|contador_bcd_3digitos:U2|s_dig1[0] ;
; 4:1                ; 4 bits    ; 8 LEs         ; 8 LEs                ; 0 LEs                  ; Yes        ; |exp3_sensor|interface_hcsr04:INT|interface_hcsr04_fd:U2|contador_cm:U2|contador_cm_fd:FD|contador_bcd_3digitos:U2|s_dig2[3] ;
+--------------------+-----------+---------------+----------------------+------------------------+------------+------------------------------------------------------------------------------------------------------------------------------+


+------------------------------------------------------------------------------------------+
; Parameter Settings for User Entity Instance: interface_hcsr04:INT|interface_hcsr04_uc:U1 ;
+----------------+-------+-----------------------------------------------------------------+
; Parameter Name ; Value ; Type                                                            ;
+----------------+-------+-----------------------------------------------------------------+
; inicial        ; 000   ; Unsigned Binary                                                 ;
; preparacao     ; 001   ; Unsigned Binary                                                 ;
; envia_trigger  ; 010   ; Unsigned Binary                                                 ;
; espera_echo    ; 011   ; Unsigned Binary                                                 ;
; medida         ; 100   ; Unsigned Binary                                                 ;
; armazenamento  ; 101   ; Unsigned Binary                                                 ;
; final_medida   ; 110   ; Unsigned Binary                                                 ;
+----------------+-------+-----------------------------------------------------------------+
Note: In order to hide this table in the UI and the text report file, please set the "Show Parameter Settings in Synthesis Report" option in "Analysis and Synthesis Settings -> More Settings" to "Off".


+-----------------------------------------------------------------------------------------------------------+
; Parameter Settings for User Entity Instance: interface_hcsr04:INT|interface_hcsr04_fd:U2|gerador_pulso:U1 ;
+----------------+-------+----------------------------------------------------------------------------------+
; Parameter Name ; Value ; Type                                                                             ;
+----------------+-------+----------------------------------------------------------------------------------+
; largura        ; 500   ; Signed Integer                                                                   ;
+----------------+-------+----------------------------------------------------------------------------------+
Note: In order to hide this table in the UI and the text report file, please set the "Show Parameter Settings in Synthesis Report" option in "Analysis and Synthesis Settings -> More Settings" to "Off".


+---------------------------------------------------------------------------------------------------------+
; Parameter Settings for User Entity Instance: interface_hcsr04:INT|interface_hcsr04_fd:U2|contador_cm:U2 ;
+----------------+-------+--------------------------------------------------------------------------------+
; Parameter Name ; Value ; Type                                                                           ;
+----------------+-------+--------------------------------------------------------------------------------+
; R              ; 2941  ; Signed Integer                                                                 ;
; N              ; 12    ; Signed Integer                                                                 ;
+----------------+-------+--------------------------------------------------------------------------------+
Note: In order to hide this table in the UI and the text report file, please set the "Show Parameter Settings in Synthesis Report" option in "Analysis and Synthesis Settings -> More Settings" to "Off".


+---------------------------------------------------------------------------------------------------------------------------+
; Parameter Settings for User Entity Instance: interface_hcsr04:INT|interface_hcsr04_fd:U2|contador_cm:U2|contador_cm_fd:FD ;
+----------------+-------+--------------------------------------------------------------------------------------------------+
; Parameter Name ; Value ; Type                                                                                             ;
+----------------+-------+--------------------------------------------------------------------------------------------------+
; R              ; 2941  ; Signed Integer                                                                                   ;
; N              ; 12    ; Signed Integer                                                                                   ;
+----------------+-------+--------------------------------------------------------------------------------------------------+
Note: In order to hide this table in the UI and the text report file, please set the "Show Parameter Settings in Synthesis Report" option in "Analysis and Synthesis Settings -> More Settings" to "Off".


+-----------------------------------------------------------------------------------------------------------------------------------------+
; Parameter Settings for User Entity Instance: interface_hcsr04:INT|interface_hcsr04_fd:U2|contador_cm:U2|contador_cm_fd:FD|contador_m:U1 ;
+----------------+-------+----------------------------------------------------------------------------------------------------------------+
; Parameter Name ; Value ; Type                                                                                                           ;
+----------------+-------+----------------------------------------------------------------------------------------------------------------+
; M              ; 2941  ; Signed Integer                                                                                                 ;
; N              ; 12    ; Signed Integer                                                                                                 ;
+----------------+-------+----------------------------------------------------------------------------------------------------------------+
Note: In order to hide this table in the UI and the text report file, please set the "Show Parameter Settings in Synthesis Report" option in "Analysis and Synthesis Settings -> More Settings" to "Off".


+---------------------------------------------------------------------------------------------------------------------------+
; Parameter Settings for User Entity Instance: interface_hcsr04:INT|interface_hcsr04_fd:U2|contador_cm:U2|contador_cm_uc:UC ;
+----------------+-------+--------------------------------------------------------------------------------------------------+
; Parameter Name ; Value ; Type                                                                                             ;
+----------------+-------+--------------------------------------------------------------------------------------------------+
; inicial        ; 000   ; Unsigned Binary                                                                                  ;
; preparacao     ; 001   ; Unsigned Binary                                                                                  ;
; espera_echo    ; 010   ; Unsigned Binary                                                                                  ;
; espera_tick    ; 011   ; Unsigned Binary                                                                                  ;
; conta_cm       ; 100   ; Unsigned Binary                                                                                  ;
; fim            ; 101   ; Unsigned Binary                                                                                  ;
+----------------+-------+--------------------------------------------------------------------------------------------------+
Note: In order to hide this table in the UI and the text report file, please set the "Show Parameter Settings in Synthesis Report" option in "Analysis and Synthesis Settings -> More Settings" to "Off".


+-----------------------------------------------------------------------------------------------------------+
; Parameter Settings for User Entity Instance: interface_hcsr04:INT|interface_hcsr04_fd:U2|registrador_n:U3 ;
+----------------+-------+----------------------------------------------------------------------------------+
; Parameter Name ; Value ; Type                                                                             ;
+----------------+-------+----------------------------------------------------------------------------------+
; N              ; 12    ; Signed Integer                                                                   ;
+----------------+-------+----------------------------------------------------------------------------------+
Note: In order to hide this table in the UI and the text report file, please set the "Show Parameter Settings in Synthesis Report" option in "Analysis and Synthesis Settings -> More Settings" to "Off".


+------------------------------------------------------------------------------------------------------------------------+
; Port Connectivity Checks: "interface_hcsr04:INT|interface_hcsr04_fd:U2|contador_cm:U2|contador_cm_fd:FD|contador_m:U1" ;
+---------+--------+----------+------------------------------------------------------------------------------------------+
; Port    ; Type   ; Severity ; Details                                                                                  ;
+---------+--------+----------+------------------------------------------------------------------------------------------+
; zera_as ; Input  ; Info     ; Stuck at GND                                                                             ;
; Q       ; Output ; Info     ; Explicitly unconnected                                                                   ;
; fim     ; Output ; Info     ; Explicitly unconnected                                                                   ;
+---------+--------+----------+------------------------------------------------------------------------------------------+


+------------------------------------------------------------------------------------------+
; Port Connectivity Checks: "interface_hcsr04:INT|interface_hcsr04_fd:U2|gerador_pulso:U1" ;
+--------+--------+----------+-------------------------------------------------------------+
; Port   ; Type   ; Severity ; Details                                                     ;
+--------+--------+----------+-------------------------------------------------------------+
; para   ; Input  ; Info     ; Stuck at GND                                                ;
; pronto ; Output ; Info     ; Explicitly unconnected                                      ;
+--------+--------+----------+-------------------------------------------------------------+


+-------------------------------------------------------------------------+
; Port Connectivity Checks: "interface_hcsr04:INT|interface_hcsr04_fd:U2" ;
+------+--------+----------+----------------------------------------------+
; Port ; Type   ; Severity ; Details                                      ;
+------+--------+----------+----------------------------------------------+
; fim  ; Output ; Info     ; Explicitly unconnected                       ;
+------+--------+----------+----------------------------------------------+


+-----------------------------------------------------+
; Post-Synthesis Netlist Statistics for Top Partition ;
+-----------------------+-----------------------------+
; Type                  ; Count                       ;
+-----------------------+-----------------------------+
; arriav_ff             ; 86                          ;
;     CLR               ; 50                          ;
;     ENA               ; 12                          ;
;     ENA CLR           ; 12                          ;
;     ENA SCLR          ; 12                          ;
; arriav_lcell_comb     ; 157                         ;
;     arith             ; 44                          ;
;         1 data inputs ; 44                          ;
;     normal            ; 113                         ;
;         1 data inputs ; 9                           ;
;         2 data inputs ; 9                           ;
;         3 data inputs ; 7                           ;
;         4 data inputs ; 68                          ;
;         5 data inputs ; 10                          ;
;         6 data inputs ; 10                          ;
; boundary_port         ; 37                          ;
;                       ;                             ;
; Max LUT depth         ; 5.10                        ;
; Average LUT depth     ; 2.71                        ;
+-----------------------+-----------------------------+


+-------------------------------+
; Elapsed Time Per Partition    ;
+----------------+--------------+
; Partition Name ; Elapsed Time ;
+----------------+--------------+
; Top            ; 00:00:00     ;
+----------------+--------------+


+-------------------------------+
; Analysis & Synthesis Messages ;
+-------------------------------+
Info: *******************************************************************
Info: Running Quartus Prime Analysis & Synthesis
    Info: Version 20.1.1 Build 720 11/11/2020 SJ Lite Edition
    Info: Processing started: Sun Sep 15 08:00:02 2024
Info: Command: quartus_map --read_settings_files=on --write_settings_files=off exp3_t3b01 -c exp3_t3b01
Warning (18236): Number of processors has not been specified which may cause overloading on shared machines.  Set the global assignment NUM_PARALLEL_PROCESSORS in your QSF to an appropriate value for best performance.
Info (20030): Parallel compilation is enabled and will use 4 of the 4 processors detected
Info (12021): Found 1 design units, including 1 entities, in source file interface_hcsr04_uc.v
    Info (12023): Found entity 1: interface_hcsr04_uc File: /home/victor/Documentos/USP/LABDIG2/LabDig2/Semana 3/exp3_t3b01_restored/interface_hcsr04_uc.v Line: 14
Info (12021): Found 1 design units, including 1 entities, in source file interface_hcsr04_fd.v
    Info (12023): Found entity 1: interface_hcsr04_fd File: /home/victor/Documentos/USP/LABDIG2/LabDig2/Semana 3/exp3_t3b01_restored/interface_hcsr04_fd.v Line: 14
Info (12021): Found 1 design units, including 1 entities, in source file contador_cm_uc.v
    Info (12023): Found entity 1: contador_cm_uc File: /home/victor/Documentos/USP/LABDIG2/LabDig2/Semana 3/exp3_t3b01_restored/contador_cm_uc.v Line: 16
Info (12021): Found 1 design units, including 1 entities, in source file registrador_n.v
    Info (12023): Found entity 1: registrador_n File: /home/victor/Documentos/USP/LABDIG2/LabDig2/Semana 3/exp3_t3b01_restored/registrador_n.v Line: 17
Info (12021): Found 1 design units, including 1 entities, in source file interface_hcsr04_tb.v
    Info (12023): Found entity 1: interface_hcsr04_tb File: /home/victor/Documentos/USP/LABDIG2/LabDig2/Semana 3/exp3_t3b01_restored/interface_hcsr04_tb.v Line: 17
Info (12021): Found 1 design units, including 1 entities, in source file interface_hcsr04.v
    Info (12023): Found entity 1: interface_hcsr04 File: /home/victor/Documentos/USP/LABDIG2/LabDig2/Semana 3/exp3_t3b01_restored/interface_hcsr04.v Line: 13
Info (12021): Found 1 design units, including 1 entities, in source file hexa7seg.v
    Info (12023): Found entity 1: hexa7seg File: /home/victor/Documentos/USP/LABDIG2/LabDig2/Semana 3/exp3_t3b01_restored/hexa7seg.v Line: 22
Info (12021): Found 1 design units, including 1 entities, in source file gerador_pulso_tb.v
    Info (12023): Found entity 1: gerador_pulso_tb File: /home/victor/Documentos/USP/LABDIG2/LabDig2/Semana 3/exp3_t3b01_restored/gerador_pulso_tb.v Line: 15
Info (12021): Found 1 design units, including 1 entities, in source file gerador_pulso.v
    Info (12023): Found entity 1: gerador_pulso File: /home/victor/Documentos/USP/LABDIG2/LabDig2/Semana 3/exp3_t3b01_restored/gerador_pulso.v Line: 14
Info (12021): Found 1 design units, including 1 entities, in source file exp3_sensor.v
    Info (12023): Found entity 1: exp3_sensor File: /home/victor/Documentos/USP/LABDIG2/LabDig2/Semana 3/exp3_t3b01_restored/exp3_sensor.v Line: 16
Info (12021): Found 1 design units, including 1 entities, in source file edge_detector.v
    Info (12023): Found entity 1: edge_detector File: /home/victor/Documentos/USP/LABDIG2/LabDig2/Semana 3/exp3_t3b01_restored/edge_detector.v Line: 19
Info (12021): Found 1 design units, including 1 entities, in source file contador_m_tb.v
    Info (12023): Found entity 1: contador_m_tb File: /home/victor/Documentos/USP/LABDIG2/LabDig2/Semana 3/exp3_t3b01_restored/contador_m_tb.v Line: 17
Info (12021): Found 1 design units, including 1 entities, in source file contador_m.v
    Info (12023): Found entity 1: contador_m File: /home/victor/Documentos/USP/LABDIG2/LabDig2/Semana 3/exp3_t3b01_restored/contador_m.v Line: 16
Info (12021): Found 1 design units, including 1 entities, in source file contador_cm_tb.v
    Info (12023): Found entity 1: contador_cm_tb File: /home/victor/Documentos/USP/LABDIG2/LabDig2/Semana 3/exp3_t3b01_restored/contador_cm_tb.v Line: 17
Info (12021): Found 1 design units, including 1 entities, in source file contador_cm_fd.v
    Info (12023): Found entity 1: contador_cm_fd File: /home/victor/Documentos/USP/LABDIG2/LabDig2/Semana 3/exp3_t3b01_restored/contador_cm_fd.v Line: 15
Info (12021): Found 1 design units, including 1 entities, in source file contador_cm.v
    Info (12023): Found entity 1: contador_cm File: /home/victor/Documentos/USP/LABDIG2/LabDig2/Semana 3/exp3_t3b01_restored/contador_cm.v Line: 15
Info (12021): Found 1 design units, including 1 entities, in source file contador_bcd_3digitos_tb.v
    Info (12023): Found entity 1: contador_bcd_3digitos_tb File: /home/victor/Documentos/USP/LABDIG2/LabDig2/Semana 3/exp3_t3b01_restored/contador_bcd_3digitos_tb.v Line: 15
Info (12021): Found 1 design units, including 1 entities, in source file contador_bcd_3digitos.v
    Info (12023): Found entity 1: contador_bcd_3digitos File: /home/victor/Documentos/USP/LABDIG2/LabDig2/Semana 3/exp3_t3b01_restored/contador_bcd_3digitos.v Line: 14
Info (12127): Elaborating entity "exp3_sensor" for the top level hierarchy
Info (12128): Elaborating entity "interface_hcsr04" for hierarchy "interface_hcsr04:INT" File: /home/victor/Documentos/USP/LABDIG2/LabDig2/Semana 3/exp3_t3b01_restored/exp3_sensor.v Line: 48
Info (12128): Elaborating entity "interface_hcsr04_uc" for hierarchy "interface_hcsr04:INT|interface_hcsr04_uc:U1" File: /home/victor/Documentos/USP/LABDIG2/LabDig2/Semana 3/exp3_t3b01_restored/interface_hcsr04.v Line: 43
Info (12128): Elaborating entity "interface_hcsr04_fd" for hierarchy "interface_hcsr04:INT|interface_hcsr04_fd:U2" File: /home/victor/Documentos/USP/LABDIG2/LabDig2/Semana 3/exp3_t3b01_restored/interface_hcsr04.v Line: 56
Info (12128): Elaborating entity "gerador_pulso" for hierarchy "interface_hcsr04:INT|interface_hcsr04_fd:U2|gerador_pulso:U1" File: /home/victor/Documentos/USP/LABDIG2/LabDig2/Semana 3/exp3_t3b01_restored/interface_hcsr04_fd.v Line: 39
Info (12128): Elaborating entity "contador_cm" for hierarchy "interface_hcsr04:INT|interface_hcsr04_fd:U2|contador_cm:U2" File: /home/victor/Documentos/USP/LABDIG2/LabDig2/Semana 3/exp3_t3b01_restored/interface_hcsr04_fd.v Line: 54
Info (12128): Elaborating entity "contador_cm_fd" for hierarchy "interface_hcsr04:INT|interface_hcsr04_fd:U2|contador_cm:U2|contador_cm_fd:FD" File: /home/victor/Documentos/USP/LABDIG2/LabDig2/Semana 3/exp3_t3b01_restored/contador_cm.v Line: 52
Info (12128): Elaborating entity "contador_m" for hierarchy "interface_hcsr04:INT|interface_hcsr04_fd:U2|contador_cm:U2|contador_cm_fd:FD|contador_m:U1" File: /home/victor/Documentos/USP/LABDIG2/LabDig2/Semana 3/exp3_t3b01_restored/contador_cm_fd.v Line: 44
Info (12128): Elaborating entity "contador_bcd_3digitos" for hierarchy "interface_hcsr04:INT|interface_hcsr04_fd:U2|contador_cm:U2|contador_cm_fd:FD|contador_bcd_3digitos:U2" File: /home/victor/Documentos/USP/LABDIG2/LabDig2/Semana 3/exp3_t3b01_restored/contador_cm_fd.v Line: 55
Info (12128): Elaborating entity "contador_cm_uc" for hierarchy "interface_hcsr04:INT|interface_hcsr04_fd:U2|contador_cm:U2|contador_cm_uc:UC" File: /home/victor/Documentos/USP/LABDIG2/LabDig2/Semana 3/exp3_t3b01_restored/contador_cm.v Line: 65
Info (12128): Elaborating entity "registrador_n" for hierarchy "interface_hcsr04:INT|interface_hcsr04_fd:U2|registrador_n:U3" File: /home/victor/Documentos/USP/LABDIG2/LabDig2/Semana 3/exp3_t3b01_restored/interface_hcsr04_fd.v Line: 65
Info (12128): Elaborating entity "hexa7seg" for hierarchy "hexa7seg:H0" File: /home/victor/Documentos/USP/LABDIG2/LabDig2/Semana 3/exp3_t3b01_restored/exp3_sensor.v Line: 54
Info (12128): Elaborating entity "edge_detector" for hierarchy "edge_detector:DB" File: /home/victor/Documentos/USP/LABDIG2/LabDig2/Semana 3/exp3_t3b01_restored/exp3_sensor.v Line: 70
Info (286030): Timing-Driven Synthesis is running
Info (17049): 6 registers lost all their fanouts during netlist optimizations.
Info (16010): Generating hard_block partition "hard_block:auto_generated_inst"
    Info (16011): Adding 0 node(s), including 0 DDIO, 0 PLL, 0 transceiver and 0 LCELL
Info (21057): Implemented 203 device resources after synthesis - the final resource count might be different
    Info (21058): Implemented 4 input pins
    Info (21059): Implemented 33 output pins
    Info (21061): Implemented 166 logic cells
Info: Quartus Prime Analysis & Synthesis was successful. 0 errors, 1 warning
    Info: Peak virtual memory: 468 megabytes
    Info: Processing ended: Sun Sep 15 08:00:09 2024
    Info: Elapsed time: 00:00:07
    Info: Total CPU time (on all processors): 00:00:14


